Archive member included to satisfy reference by file (symbol)

c:/st/stm32cubeide_1.7.0/stm32cubeide/plugins/com.st.stm32cube.ide.mcu.externaltools.gnu-tools-for-stm32.9-2020-q2-update.win32_2.0.0.202105311346/tools/bin/../lib/gcc/arm-none-eabi/9.3.1/../../../../arm-none-eabi/lib/thumb/v7-m/nofp\libc_nano.a(lib_a-errno.o)
                              ./Core/Src/syscalls.o (__errno)
c:/st/stm32cubeide_1.7.0/stm32cubeide/plugins/com.st.stm32cube.ide.mcu.externaltools.gnu-tools-for-stm32.9-2020-q2-update.win32_2.0.0.202105311346/tools/bin/../lib/gcc/arm-none-eabi/9.3.1/../../../../arm-none-eabi/lib/thumb/v7-m/nofp\libc_nano.a(lib_a-exit.o)
                              c:/st/stm32cubeide_1.7.0/stm32cubeide/plugins/com.st.stm32cube.ide.mcu.externaltools.gnu-tools-for-stm32.9-2020-q2-update.win32_2.0.0.202105311346/tools/bin/../lib/gcc/arm-none-eabi/9.3.1/../../../../arm-none-eabi/lib/thumb/v7-m/nofp/crt0.o (exit)
c:/st/stm32cubeide_1.7.0/stm32cubeide/plugins/com.st.stm32cube.ide.mcu.externaltools.gnu-tools-for-stm32.9-2020-q2-update.win32_2.0.0.202105311346/tools/bin/../lib/gcc/arm-none-eabi/9.3.1/../../../../arm-none-eabi/lib/thumb/v7-m/nofp\libc_nano.a(lib_a-impure.o)
                              c:/st/stm32cubeide_1.7.0/stm32cubeide/plugins/com.st.stm32cube.ide.mcu.externaltools.gnu-tools-for-stm32.9-2020-q2-update.win32_2.0.0.202105311346/tools/bin/../lib/gcc/arm-none-eabi/9.3.1/../../../../arm-none-eabi/lib/thumb/v7-m/nofp\libc_nano.a(lib_a-exit.o) (_global_impure_ptr)
c:/st/stm32cubeide_1.7.0/stm32cubeide/plugins/com.st.stm32cube.ide.mcu.externaltools.gnu-tools-for-stm32.9-2020-q2-update.win32_2.0.0.202105311346/tools/bin/../lib/gcc/arm-none-eabi/9.3.1/../../../../arm-none-eabi/lib/thumb/v7-m/nofp\libc_nano.a(lib_a-init.o)
                              c:/st/stm32cubeide_1.7.0/stm32cubeide/plugins/com.st.stm32cube.ide.mcu.externaltools.gnu-tools-for-stm32.9-2020-q2-update.win32_2.0.0.202105311346/tools/bin/../lib/gcc/arm-none-eabi/9.3.1/../../../../arm-none-eabi/lib/thumb/v7-m/nofp/crt0.o (__libc_init_array)
c:/st/stm32cubeide_1.7.0/stm32cubeide/plugins/com.st.stm32cube.ide.mcu.externaltools.gnu-tools-for-stm32.9-2020-q2-update.win32_2.0.0.202105311346/tools/bin/../lib/gcc/arm-none-eabi/9.3.1/../../../../arm-none-eabi/lib/thumb/v7-m/nofp\libc_nano.a(lib_a-memset.o)
                              c:/st/stm32cubeide_1.7.0/stm32cubeide/plugins/com.st.stm32cube.ide.mcu.externaltools.gnu-tools-for-stm32.9-2020-q2-update.win32_2.0.0.202105311346/tools/bin/../lib/gcc/arm-none-eabi/9.3.1/../../../../arm-none-eabi/lib/thumb/v7-m/nofp/crt0.o (memset)

Allocating common symbols
Common symbol       size              file

uwTick              0x4               ./Drivers/STM32F1xx_HAL_Driver/Src/stm32f1xx_hal.o
pFlash              0x20              ./Drivers/STM32F1xx_HAL_Driver/Src/stm32f1xx_hal_flash.o
htim2               0x48              ./Core/Src/main.o

Discarded input sections

 .text          0x0000000000000000        0x0 c:/st/stm32cubeide_1.7.0/stm32cubeide/plugins/com.st.stm32cube.ide.mcu.externaltools.gnu-tools-for-stm32.9-2020-q2-update.win32_2.0.0.202105311346/tools/bin/../lib/gcc/arm-none-eabi/9.3.1/thumb/v7-m/nofp/crti.o
 .data          0x0000000000000000        0x0 c:/st/stm32cubeide_1.7.0/stm32cubeide/plugins/com.st.stm32cube.ide.mcu.externaltools.gnu-tools-for-stm32.9-2020-q2-update.win32_2.0.0.202105311346/tools/bin/../lib/gcc/arm-none-eabi/9.3.1/thumb/v7-m/nofp/crti.o
 .bss           0x0000000000000000        0x0 c:/st/stm32cubeide_1.7.0/stm32cubeide/plugins/com.st.stm32cube.ide.mcu.externaltools.gnu-tools-for-stm32.9-2020-q2-update.win32_2.0.0.202105311346/tools/bin/../lib/gcc/arm-none-eabi/9.3.1/thumb/v7-m/nofp/crti.o
 .data          0x0000000000000000        0x4 c:/st/stm32cubeide_1.7.0/stm32cubeide/plugins/com.st.stm32cube.ide.mcu.externaltools.gnu-tools-for-stm32.9-2020-q2-update.win32_2.0.0.202105311346/tools/bin/../lib/gcc/arm-none-eabi/9.3.1/thumb/v7-m/nofp/crtbegin.o
 .text          0x0000000000000000       0x7c c:/st/stm32cubeide_1.7.0/stm32cubeide/plugins/com.st.stm32cube.ide.mcu.externaltools.gnu-tools-for-stm32.9-2020-q2-update.win32_2.0.0.202105311346/tools/bin/../lib/gcc/arm-none-eabi/9.3.1/../../../../arm-none-eabi/lib/thumb/v7-m/nofp/crt0.o
 .data          0x0000000000000000        0x0 c:/st/stm32cubeide_1.7.0/stm32cubeide/plugins/com.st.stm32cube.ide.mcu.externaltools.gnu-tools-for-stm32.9-2020-q2-update.win32_2.0.0.202105311346/tools/bin/../lib/gcc/arm-none-eabi/9.3.1/../../../../arm-none-eabi/lib/thumb/v7-m/nofp/crt0.o
 .bss           0x0000000000000000        0x0 c:/st/stm32cubeide_1.7.0/stm32cubeide/plugins/com.st.stm32cube.ide.mcu.externaltools.gnu-tools-for-stm32.9-2020-q2-update.win32_2.0.0.202105311346/tools/bin/../lib/gcc/arm-none-eabi/9.3.1/../../../../arm-none-eabi/lib/thumb/v7-m/nofp/crt0.o
[...]
Memory Configuration

Name             Origin             Length             Attributes
RAM              0x0000000020000000 0x0000000000002800 xrw
FLASH            0x0000000008000000 0x0000000000008000 xr
*default*        0x0000000000000000 0xffffffffffffffff

Linker script and memory map

LOAD c:/st/stm32cubeide_1.7.0/stm32cubeide/plugins/com.st.stm32cube.ide.mcu.externaltools.gnu-tools-for-stm32.9-2020-q2-update.win32_2.0.0.202105311346/tools/bin/../lib/gcc/arm-none-eabi/9.3.1/thumb/v7-m/nofp/crti.o
LOAD c:/st/stm32cubeide_1.7.0/stm32cubeide/plugins/com.st.stm32cube.ide.mcu.externaltools.gnu-tools-for-stm32.9-2020-q2-update.win32_2.0.0.202105311346/tools/bin/../lib/gcc/arm-none-eabi/9.3.1/thumb/v7-m/nofp/crtbegin.o
LOAD c:/st/stm32cubeide_1.7.0/stm32cubeide/plugins/com.st.stm32cube.ide.mcu.externaltools.gnu-tools-for-stm32.9-2020-q2-update.win32_2.0.0.202105311346/tools/bin/../lib/gcc/arm-none-eabi/9.3.1/../../../../arm-none-eabi/lib/thumb/v7-m/nofp/crt0.o
LOAD ./Core/Src/fsm_edit_traffic_light.o
LOAD ./Core/Src/fsm_trafic-light.o
LOAD ./Core/Src/global.o
LOAD ./Core/Src/input_processing.o
LOAD ./Core/Src/input_reading.o
LOAD ./Core/Src/main.o
LOAD ./Core/Src/output_display.o
LOAD ./Core/Src/stm32f1xx_hal_msp.o
LOAD ./Core/Src/stm32f1xx_it.o
LOAD ./Core/Src/syscalls.o
LOAD ./Core/Src/sysmem.o
LOAD ./Core/Src/system_stm32f1xx.o
LOAD ./Core/Src/timer.o
LOAD ./Core/Startup/startup_stm32f103c6ux.o
LOAD ./Drivers/STM32F1xx_HAL_Driver/Src/stm32f1xx_hal.o
LOAD ./Drivers/STM32F1xx_HAL_Driver/Src/stm32f1xx_hal_cortex.o
LOAD ./Drivers/STM32F1xx_HAL_Driver/Src/stm32f1xx_hal_dma.o
LOAD ./Drivers/STM32F1xx_HAL_Driver/Src/stm32f1xx_hal_exti.o
LOAD ./Drivers/STM32F1xx_HAL_Driver/Src/stm32f1xx_hal_flash.o
LOAD ./Drivers/STM32F1xx_HAL_Driver/Src/stm32f1xx_hal_flash_ex.o
LOAD ./Drivers/STM32F1xx_HAL_Driver/Src/stm32f1xx_hal_gpio.o
LOAD ./Drivers/STM32F1xx_HAL_Driver/Src/stm32f1xx_hal_gpio_ex.o
LOAD ./Drivers/STM32F1xx_HAL_Driver/Src/stm32f1xx_hal_pwr.o
LOAD ./Drivers/STM32F1xx_HAL_Driver/Src/stm32f1xx_hal_rcc.o
LOAD ./Drivers/STM32F1xx_HAL_Driver/Src/stm32f1xx_hal_rcc_ex.o
LOAD ./Drivers/STM32F1xx_HAL_Driver/Src/stm32f1xx_hal_tim.o
LOAD ./Drivers/STM32F1xx_HAL_Driver/Src/stm32f1xx_hal_tim_ex.o
START GROUP
LOAD c:/st/stm32cubeide_1.7.0/stm32cubeide/plugins/com.st.stm32cube.ide.mcu.externaltools.gnu-tools-for-stm32.9-2020-q2-update.win32_2.0.0.202105311346/tools/bin/../lib/gcc/arm-none-eabi/9.3.1/../../../../arm-none-eabi/lib/thumb/v7-m/nofp\libc_nano.a
LOAD c:/st/stm32cubeide_1.7.0/stm32cubeide/plugins/com.st.stm32cube.ide.mcu.externaltools.gnu-tools-for-stm32.9-2020-q2-update.win32_2.0.0.202105311346/tools/bin/../lib/gcc/arm-none-eabi/9.3.1/../../../../arm-none-eabi/lib/thumb/v7-m/nofp\libm.a
END GROUP
START GROUP
LOAD c:/st/stm32cubeide_1.7.0/stm32cubeide/plugins/com.st.stm32cube.ide.mcu.externaltools.gnu-tools-for-stm32.9-2020-q2-update.win32_2.0.0.202105311346/tools/bin/../lib/gcc/arm-none-eabi/9.3.1/thumb/v7-m/nofp\libgcc.a
LOAD c:/st/stm32cubeide_1.7.0/stm32cubeide/plugins/com.st.stm32cube.ide.mcu.externaltools.gnu-tools-for-stm32.9-2020-q2-update.win32_2.0.0.202105311346/tools/bin/../lib/gcc/arm-none-eabi/9.3.1/../../../../arm-none-eabi/lib/thumb/v7-m/nofp\libc_nano.a
END GROUP
START GROUP
LOAD c:/st/stm32cubeide_1.7.0/stm32cubeide/plugins/com.st.stm32cube.ide.mcu.externaltools.gnu-tools-for-stm32.9-2020-q2-update.win32_2.0.0.202105311346/tools/bin/../lib/gcc/arm-none-eabi/9.3.1/thumb/v7-m/nofp\libgcc.a
LOAD c:/st/stm32cubeide_1.7.0/stm32cubeide/plugins/com.st.stm32cube.ide.mcu.externaltools.gnu-tools-for-stm32.9-2020-q2-update.win32_2.0.0.202105311346/tools/bin/../lib/gcc/arm-none-eabi/9.3.1/../../../../arm-none-eabi/lib/thumb/v7-m/nofp\libc_nano.a
LOAD c:/st/stm32cubeide_1.7.0/stm32cubeide/plugins/com.st.stm32cube.ide.mcu.externaltools.gnu-tools-for-stm32.9-2020-q2-update.win32_2.0.0.202105311346/tools/bin/../lib/gcc/arm-none-eabi/9.3.1/../../../../arm-none-eabi/lib/thumb/v7-m/nofp\libnosys.a
END GROUP
START GROUP
LOAD c:/st/stm32cubeide_1.7.0/stm32cubeide/plugins/com.st.stm32cube.ide.mcu.externaltools.gnu-tools-for-stm32.9-2020-q2-update.win32_2.0.0.202105311346/tools/bin/../lib/gcc/arm-none-eabi/9.3.1/thumb/v7-m/nofp\libgcc.a
LOAD c:/st/stm32cubeide_1.7.0/stm32cubeide/plugins/com.st.stm32cube.ide.mcu.externaltools.gnu-tools-for-stm32.9-2020-q2-update.win32_2.0.0.202105311346/tools/bin/../lib/gcc/arm-none-eabi/9.3.1/../../../../arm-none-eabi/lib/thumb/v7-m/nofp\libc_nano.a
LOAD c:/st/stm32cubeide_1.7.0/stm32cubeide/plugins/com.st.stm32cube.ide.mcu.externaltools.gnu-tools-for-stm32.9-2020-q2-update.win32_2.0.0.202105311346/tools/bin/../lib/gcc/arm-none-eabi/9.3.1/../../../../arm-none-eabi/lib/thumb/v7-m/nofp\libnosys.a
END GROUP
LOAD c:/st/stm32cubeide_1.7.0/stm32cubeide/plugins/com.st.stm32cube.ide.mcu.externaltools.gnu-tools-for-stm32.9-2020-q2-update.win32_2.0.0.202105311346/tools/bin/../lib/gcc/arm-none-eabi/9.3.1/thumb/v7-m/nofp/crtend.o
LOAD c:/st/stm32cubeide_1.7.0/stm32cubeide/plugins/com.st.stm32cube.ide.mcu.externaltools.gnu-tools-for-stm32.9-2020-q2-update.win32_2.0.0.202105311346/tools/bin/../lib/gcc/arm-none-eabi/9.3.1/thumb/v7-m/nofp/crtn.o
                0x0000000020002800                _estack = (ORIGIN (RAM) + LENGTH (RAM))
                0x0000000000000200                _Min_Heap_Size = 0x200
                0x0000000000000400                _Min_Stack_Size = 0x400

.isr_vector     0x0000000008000000      0x10c
                0x0000000008000000                . = ALIGN (0x4)
 *(.isr_vector)
 .isr_vector    0x0000000008000000      0x10c ./Core/Startup/startup_stm32f103c6ux.o
                0x0000000008000000                g_pfnVectors
                0x000000000800010c                . = ALIGN (0x4)

.text           0x000000000800010c     0x2528
                0x000000000800010c                . = ALIGN (0x4)
 *(.text)
 .text          0x000000000800010c       0x40 c:/st/stm32cubeide_1.7.0/stm32cubeide/plugins/com.st.stm32cube.ide.mcu.externaltools.gnu-tools-for-stm32.9-2020-q2-update.win32_2.0.0.202105311346/tools/bin/../lib/gcc/arm-none-eabi/9.3.1/thumb/v7-m/nofp/crtbegin.o
 *(.text*)
 .text.initState
                0x000000000800014c       0x44 ./Core/Src/fsm_trafic-light.o
                0x000000000800014c                initState
 .text.fsm_for_automatic_traffic_light
                0x0000000008000190      0x1c0 ./Core/Src/fsm_trafic-light.o
                0x0000000008000190                fsm_for_automatic_traffic_light
 .text.fsm_for_button1_processing
                0x0000000008000350       0x94 ./Core/Src/input_processing.o
                0x0000000008000350                fsm_for_button1_processing
 .text.fsm_for_button2_processing
                0x00000000080003e4       0x80 ./Core/Src/input_processing.o
                0x00000000080003e4                fsm_for_button2_processing
 .text.fsm_for_button3_processing
                0x0000000008000464       0xa8 ./Core/Src/input_processing.o
                0x0000000008000464                fsm_for_button3_processing
 .text.button_reading
                0x000000000800050c       0xec ./Core/Src/input_reading.o
                0x000000000800050c                button_reading
 .text.is_button_pressed
                0x00000000080005f8       0x34 ./Core/Src/input_reading.o
                0x00000000080005f8                is_button_pressed
 .text.main     0x000000000800062c       0x3c ./Core/Src/main.o
                0x000000000800062c                main
 .text.SystemClock_Config
                0x0000000008000668       0x76 ./Core/Src/main.o
                0x0000000008000668                SystemClock_Config
 *fill*         0x00000000080006de        0x2 
 .text.MX_TIM2_Init
                0x00000000080006e0       0x98 ./Core/Src/main.o
 .text.MX_GPIO_Init
                0x0000000008000778       0xc4 ./Core/Src/main.o
 .text.Error_Handler
                0x000000000800083c        0xa ./Core/Src/main.o
                0x000000000800083c                Error_Handler
 *fill*         0x0000000008000846        0x2 
 .text.clearAllLeds
                0x0000000008000848       0x18 ./Core/Src/output_display.o
                0x0000000008000848                clearAllLeds
 .text.display7SEG
                0x0000000008000860      0x120 ./Core/Src/output_display.o
                0x0000000008000860                display7SEG
 .text.update7SEG
                0x0000000008000980      0x10c ./Core/Src/output_display.o
                0x0000000008000980                update7SEG
 .text.updateClockBuffer
                0x0000000008000a8c       0x78 ./Core/Src/output_display.o
                0x0000000008000a8c                updateClockBuffer
 .text.blinkingLed2Hz
                0x0000000008000b04       0x44 ./Core/Src/output_display.o
                0x0000000008000b04                blinkingLed2Hz
 .text.output_display
                0x0000000008000b48       0xd8 ./Core/Src/output_display.o
                0x0000000008000b48                output_display
 .text.HAL_MspInit
                0x0000000008000c20       0x64 ./Core/Src/stm32f1xx_hal_msp.o
                0x0000000008000c20                HAL_MspInit
 .text.HAL_TIM_Base_MspInit
                0x0000000008000c84       0x48 ./Core/Src/stm32f1xx_hal_msp.o
                0x0000000008000c84                HAL_TIM_Base_MspInit
 .text.NMI_Handler
                0x0000000008000ccc        0x6 ./Core/Src/stm32f1xx_it.o
                0x0000000008000ccc                NMI_Handler
 .text.HardFault_Handler
                0x0000000008000cd2        0x6 ./Core/Src/stm32f1xx_it.o
                0x0000000008000cd2                HardFault_Handler
 .text.MemManage_Handler
                0x0000000008000cd8        0x6 ./Core/Src/stm32f1xx_it.o
                0x0000000008000cd8                MemManage_Handler
 .text.BusFault_Handler
                0x0000000008000cde        0x6 ./Core/Src/stm32f1xx_it.o
                0x0000000008000cde                BusFault_Handler
 .text.UsageFault_Handler
                0x0000000008000ce4        0x6 ./Core/Src/stm32f1xx_it.o
                0x0000000008000ce4                UsageFault_Handler
 .text.SVC_Handler
                0x0000000008000cea        0xc ./Core/Src/stm32f1xx_it.o
                0x0000000008000cea                SVC_Handler
 .text.DebugMon_Handler
                0x0000000008000cf6        0xc ./Core/Src/stm32f1xx_it.o
                0x0000000008000cf6                DebugMon_Handler
 .text.PendSV_Handler
                0x0000000008000d02        0xc ./Core/Src/stm32f1xx_it.o
                0x0000000008000d02                PendSV_Handler
 .text.SysTick_Handler
                0x0000000008000d0e        0xc ./Core/Src/stm32f1xx_it.o
                0x0000000008000d0e                SysTick_Handler
 *fill*         0x0000000008000d1a        0x2 
 .text.TIM2_IRQHandler
                0x0000000008000d1c       0x14 ./Core/Src/stm32f1xx_it.o
                0x0000000008000d1c                TIM2_IRQHandler
 .text.SystemInit
                0x0000000008000d30        0xc ./Core/Src/system_stm32f1xx.o
                0x0000000008000d30                SystemInit
 .text.setTimerBlinking2Hz
                0x0000000008000d3c       0x38 ./Core/Src/timer.o
                0x0000000008000d3c                setTimerBlinking2Hz
 .text.setTimer7seg
                0x0000000008000d74       0x38 ./Core/Src/timer.o
                0x0000000008000d74                setTimer7seg
 .text.setTimerClock
                0x0000000008000dac       0x38 ./Core/Src/timer.o
                0x0000000008000dac                setTimerClock
 .text.setTimerHorizontalTraffic
                0x0000000008000de4       0x50 ./Core/Src/timer.o
                0x0000000008000de4                setTimerHorizontalTraffic
 .text.setTimerVerticalTraffic
                0x0000000008000e34       0x50 ./Core/Src/timer.o
                0x0000000008000e34                setTimerVerticalTraffic
 .text.timerRun
                0x0000000008000e84       0xd4 ./Core/Src/timer.o
                0x0000000008000e84                timerRun
 .text.HAL_TIM_PeriodElapsedCallback
                0x0000000008000f58       0x22 ./Core/Src/timer.o
                0x0000000008000f58                HAL_TIM_PeriodElapsedCallback
 *fill*         0x0000000008000f7a        0x2 
 .text.Reset_Handler
                0x0000000008000f7c       0x48 ./Core/Startup/startup_stm32f103c6ux.o
                0x0000000008000f7c                Reset_Handler
 .text.Default_Handler
                0x0000000008000fc4        0x2 ./Core/Startup/startup_stm32f103c6ux.o
                0x0000000008000fc4                RTC_Alarm_IRQHandler
                0x0000000008000fc4                EXTI2_IRQHandler
                0x0000000008000fc4                TIM1_CC_IRQHandler
                0x0000000008000fc4                PVD_IRQHandler
                0x0000000008000fc4                EXTI3_IRQHandler
                0x0000000008000fc4                EXTI0_IRQHandler
                0x0000000008000fc4                ADC1_2_IRQHandler
                0x0000000008000fc4                SPI1_IRQHandler
                0x0000000008000fc4                TAMPER_IRQHandler
                0x0000000008000fc4                DMA1_Channel4_IRQHandler
                0x0000000008000fc4                RTC_IRQHandler
                0x0000000008000fc4                DMA1_Channel7_IRQHandler
                0x0000000008000fc4                CAN1_RX1_IRQHandler
                0x0000000008000fc4                I2C1_EV_IRQHandler
                0x0000000008000fc4                DMA1_Channel6_IRQHandler
                0x0000000008000fc4                TIM3_IRQHandler
                0x0000000008000fc4                RCC_IRQHandler
                0x0000000008000fc4                TIM1_TRG_COM_IRQHandler
                0x0000000008000fc4                DMA1_Channel1_IRQHandler
                0x0000000008000fc4                Default_Handler
                0x0000000008000fc4                EXTI15_10_IRQHandler
                0x0000000008000fc4                EXTI9_5_IRQHandler
                0x0000000008000fc4                DMA1_Channel5_IRQHandler
                0x0000000008000fc4                EXTI4_IRQHandler
                0x0000000008000fc4                USB_LP_CAN1_RX0_IRQHandler
                0x0000000008000fc4                USB_HP_CAN1_TX_IRQHandler
                0x0000000008000fc4                DMA1_Channel3_IRQHandler
                0x0000000008000fc4                TIM1_UP_IRQHandler
                0x0000000008000fc4                WWDG_IRQHandler
                0x0000000008000fc4                TIM1_BRK_IRQHandler
                0x0000000008000fc4                EXTI1_IRQHandler
                0x0000000008000fc4                USART2_IRQHandler
                0x0000000008000fc4                DMA1_Channel2_IRQHandler
                0x0000000008000fc4                CAN1_SCE_IRQHandler
                0x0000000008000fc4                FLASH_IRQHandler
                0x0000000008000fc4                USART1_IRQHandler
                0x0000000008000fc4                I2C1_ER_IRQHandler
                0x0000000008000fc4                USBWakeUp_IRQHandler
 *fill*         0x0000000008000fc6        0x2 
 .text.HAL_Init
                0x0000000008000fc8       0x2c ./Drivers/STM32F1xx_HAL_Driver/Src/stm32f1xx_hal.o
                0x0000000008000fc8                HAL_Init
 .text.HAL_InitTick
                0x0000000008000ff4       0x60 ./Drivers/STM32F1xx_HAL_Driver/Src/stm32f1xx_hal.o
                0x0000000008000ff4                HAL_InitTick
 .text.HAL_IncTick
                0x0000000008001054       0x24 ./Drivers/STM32F1xx_HAL_Driver/Src/stm32f1xx_hal.o
                0x0000000008001054                HAL_IncTick
 .text.HAL_GetTick
                0x0000000008001078       0x14 ./Drivers/STM32F1xx_HAL_Driver/Src/stm32f1xx_hal.o
                0x0000000008001078                HAL_GetTick
 .text.__NVIC_SetPriorityGrouping
                0x000000000800108c       0x48 ./Drivers/STM32F1xx_HAL_Driver/Src/stm32f1xx_hal_cortex.o
 .text.__NVIC_GetPriorityGrouping
                0x00000000080010d4       0x1c ./Drivers/STM32F1xx_HAL_Driver/Src/stm32f1xx_hal_cortex.o
 .text.__NVIC_EnableIRQ
                0x00000000080010f0       0x38 ./Drivers/STM32F1xx_HAL_Driver/Src/stm32f1xx_hal_cortex.o
 .text.__NVIC_SetPriority
                0x0000000008001128       0x54 ./Drivers/STM32F1xx_HAL_Driver/Src/stm32f1xx_hal_cortex.o
 .text.NVIC_EncodePriority
                0x000000000800117c       0x64 ./Drivers/STM32F1xx_HAL_Driver/Src/stm32f1xx_hal_cortex.o
 .text.SysTick_Config
                0x00000000080011e0       0x44 ./Drivers/STM32F1xx_HAL_Driver/Src/stm32f1xx_hal_cortex.o
 .text.HAL_NVIC_SetPriorityGrouping
                0x0000000008001224       0x16 ./Drivers/STM32F1xx_HAL_Driver/Src/stm32f1xx_hal_cortex.o
                0x0000000008001224                HAL_NVIC_SetPriorityGrouping
 .text.HAL_NVIC_SetPriority
                0x000000000800123a       0x38 ./Drivers/STM32F1xx_HAL_Driver/Src/stm32f1xx_hal_cortex.o
                0x000000000800123a                HAL_NVIC_SetPriority
 .text.HAL_NVIC_EnableIRQ
                0x0000000008001272       0x1c ./Drivers/STM32F1xx_HAL_Driver/Src/stm32f1xx_hal_cortex.o
                0x0000000008001272                HAL_NVIC_EnableIRQ
 .text.HAL_SYSTICK_Config
                0x000000000800128e       0x18 ./Drivers/STM32F1xx_HAL_Driver/Src/stm32f1xx_hal_cortex.o
                0x000000000800128e                HAL_SYSTICK_Config
 *fill*         0x00000000080012a6        0x2 
 .text.HAL_GPIO_Init
                0x00000000080012a8      0x2f4 ./Drivers/STM32F1xx_HAL_Driver/Src/stm32f1xx_hal_gpio.o
                0x00000000080012a8                HAL_GPIO_Init
 .text.HAL_GPIO_ReadPin
                0x000000000800159c       0x2e ./Drivers/STM32F1xx_HAL_Driver/Src/stm32f1xx_hal_gpio.o
                0x000000000800159c                HAL_GPIO_ReadPin
 .text.HAL_GPIO_WritePin
                0x00000000080015ca       0x30 ./Drivers/STM32F1xx_HAL_Driver/Src/stm32f1xx_hal_gpio.o
                0x00000000080015ca                HAL_GPIO_WritePin
 .text.HAL_GPIO_TogglePin
                0x00000000080015fa       0x32 ./Drivers/STM32F1xx_HAL_Driver/Src/stm32f1xx_hal_gpio.o
                0x00000000080015fa                HAL_GPIO_TogglePin
 .text.HAL_RCC_OscConfig
                0x000000000800162c      0x500 ./Drivers/STM32F1xx_HAL_Driver/Src/stm32f1xx_hal_rcc.o
                0x000000000800162c                HAL_RCC_OscConfig
 .text.HAL_RCC_ClockConfig
                0x0000000008001b2c      0x1d4 ./Drivers/STM32F1xx_HAL_Driver/Src/stm32f1xx_hal_rcc.o
                0x0000000008001b2c                HAL_RCC_ClockConfig
 .text.HAL_RCC_GetSysClockFreq
                0x0000000008001d00       0xc0 ./Drivers/STM32F1xx_HAL_Driver/Src/stm32f1xx_hal_rcc.o
                0x0000000008001d00                HAL_RCC_GetSysClockFreq
 .text.RCC_Delay
                0x0000000008001dc0       0x3c ./Drivers/STM32F1xx_HAL_Driver/Src/stm32f1xx_hal_rcc.o
 .text.HAL_TIM_Base_Init
                0x0000000008001dfc       0x9e ./Drivers/STM32F1xx_HAL_Driver/Src/stm32f1xx_hal_tim.o
                0x0000000008001dfc                HAL_TIM_Base_Init
 *fill*         0x0000000008001e9a        0x2 
 .text.HAL_TIM_Base_Start_IT
                0x0000000008001e9c       0x98 ./Drivers/STM32F1xx_HAL_Driver/Src/stm32f1xx_hal_tim.o
                0x0000000008001e9c                HAL_TIM_Base_Start_IT
 .text.HAL_TIM_IRQHandler
                0x0000000008001f34      0x210 ./Drivers/STM32F1xx_HAL_Driver/Src/stm32f1xx_hal_tim.o
                0x0000000008001f34                HAL_TIM_IRQHandler
 .text.HAL_TIM_ConfigClockSource
                0x0000000008002144      0x188 ./Drivers/STM32F1xx_HAL_Driver/Src/stm32f1xx_hal_tim.o
                0x0000000008002144                HAL_TIM_ConfigClockSource
 .text.HAL_TIM_OC_DelayElapsedCallback
                0x00000000080022cc       0x12 ./Drivers/STM32F1xx_HAL_Driver/Src/stm32f1xx_hal_tim.o
                0x00000000080022cc                HAL_TIM_OC_DelayElapsedCallback
 .text.HAL_TIM_IC_CaptureCallback
                0x00000000080022de       0x12 ./Drivers/STM32F1xx_HAL_Driver/Src/stm32f1xx_hal_tim.o
                0x00000000080022de                HAL_TIM_IC_CaptureCallback
 .text.HAL_TIM_PWM_PulseFinishedCallback
                0x00000000080022f0       0x12 ./Drivers/STM32F1xx_HAL_Driver/Src/stm32f1xx_hal_tim.o
                0x00000000080022f0                HAL_TIM_PWM_PulseFinishedCallback
 .text.HAL_TIM_TriggerCallback
                0x0000000008002302       0x12 ./Drivers/STM32F1xx_HAL_Driver/Src/stm32f1xx_hal_tim.o
                0x0000000008002302                HAL_TIM_TriggerCallback
 .text.TIM_Base_SetConfig
                0x0000000008002314       0xb0 ./Drivers/STM32F1xx_HAL_Driver/Src/stm32f1xx_hal_tim.o
                0x0000000008002314                TIM_Base_SetConfig
 .text.TIM_TI1_ConfigInputStage
                0x00000000080023c4       0x5c ./Drivers/STM32F1xx_HAL_Driver/Src/stm32f1xx_hal_tim.o
 .text.TIM_TI2_ConfigInputStage
                0x0000000008002420       0x5e ./Drivers/STM32F1xx_HAL_Driver/Src/stm32f1xx_hal_tim.o
 .text.TIM_ITRx_SetConfig
                0x000000000800247e       0x34 ./Drivers/STM32F1xx_HAL_Driver/Src/stm32f1xx_hal_tim.o
 .text.TIM_ETR_SetConfig
                0x00000000080024b2       0x3e ./Drivers/STM32F1xx_HAL_Driver/Src/stm32f1xx_hal_tim.o
                0x00000000080024b2                TIM_ETR_SetConfig
 .text.HAL_TIMEx_MasterConfigSynchronization
                0x00000000080024f0       0xb0 ./Drivers/STM32F1xx_HAL_Driver/Src/stm32f1xx_hal_tim_ex.o
                0x00000000080024f0                HAL_TIMEx_MasterConfigSynchronization
 .text.HAL_TIMEx_CommutCallback
                0x00000000080025a0       0x12 ./Drivers/STM32F1xx_HAL_Driver/Src/stm32f1xx_hal_tim_ex.o
                0x00000000080025a0                HAL_TIMEx_CommutCallback
 .text.HAL_TIMEx_BreakCallback
                0x00000000080025b2       0x12 ./Drivers/STM32F1xx_HAL_Driver/Src/stm32f1xx_hal_tim_ex.o
                0x00000000080025b2                HAL_TIMEx_BreakCallback
 .text.__libc_init_array
                0x00000000080025c4       0x48 c:/st/stm32cubeide_1.7.0/stm32cubeide/plugins/com.st.stm32cube.ide.mcu.externaltools.gnu-tools-for-stm32.9-2020-q2-update.win32_2.0.0.202105311346/tools/bin/../lib/gcc/arm-none-eabi/9.3.1/../../../../arm-none-eabi/lib/thumb/v7-m/nofp\libc_nano.a(lib_a-init.o)
                0x00000000080025c4                __libc_init_array
 .text.memset   0x000000000800260c       0x10 c:/st/stm32cubeide_1.7.0/stm32cubeide/plugins/com.st.stm32cube.ide.mcu.externaltools.gnu-tools-for-stm32.9-2020-q2-update.win32_2.0.0.202105311346/tools/bin/../lib/gcc/arm-none-eabi/9.3.1/../../../../arm-none-eabi/lib/thumb/v7-m/nofp\libc_nano.a(lib_a-memset.o)
                0x000000000800260c                memset
 *(.glue_7)
 .glue_7        0x000000000800261c        0x0 linker stubs
 *(.glue_7t)
 .glue_7t       0x000000000800261c        0x0 linker stubs
 *(.eh_frame)
 .eh_frame      0x000000000800261c        0x0 c:/st/stm32cubeide_1.7.0/stm32cubeide/plugins/com.st.stm32cube.ide.mcu.externaltools.gnu-tools-for-stm32.9-2020-q2-update.win32_2.0.0.202105311346/tools/bin/../lib/gcc/arm-none-eabi/9.3.1/thumb/v7-m/nofp/crtbegin.o
 *(.init)
 .init          0x000000000800261c        0x4 c:/st/stm32cubeide_1.7.0/stm32cubeide/plugins/com.st.stm32cube.ide.mcu.externaltools.gnu-tools-for-stm32.9-2020-q2-update.win32_2.0.0.202105311346/tools/bin/../lib/gcc/arm-none-eabi/9.3.1/thumb/v7-m/nofp/crti.o
                0x000000000800261c                _init
 .init          0x0000000008002620        0x8 c:/st/stm32cubeide_1.7.0/stm32cubeide/plugins/com.st.stm32cube.ide.mcu.externaltools.gnu-tools-for-stm32.9-2020-q2-update.win32_2.0.0.202105311346/tools/bin/../lib/gcc/arm-none-eabi/9.3.1/thumb/v7-m/nofp/crtn.o
 *(.fini)
 .fini          0x0000000008002628        0x4 c:/st/stm32cubeide_1.7.0/stm32cubeide/plugins/com.st.stm32cube.ide.mcu.externaltools.gnu-tools-for-stm32.9-2020-q2-update.win32_2.0.0.202105311346/tools/bin/../lib/gcc/arm-none-eabi/9.3.1/thumb/v7-m/nofp/crti.o
                0x0000000008002628                _fini
 .fini          0x000000000800262c        0x8 c:/st/stm32cubeide_1.7.0/stm32cubeide/plugins/com.st.stm32cube.ide.mcu.externaltools.gnu-tools-for-stm32.9-2020-q2-update.win32_2.0.0.202105311346/tools/bin/../lib/gcc/arm-none-eabi/9.3.1/thumb/v7-m/nofp/crtn.o
                0x0000000008002634                . = ALIGN (0x4)
                0x0000000008002634                _etext = .

.vfp11_veneer   0x0000000008002634        0x0
 .vfp11_veneer  0x0000000008002634        0x0 linker stubs

.v4_bx          0x0000000008002634        0x0
 .v4_bx         0x0000000008002634        0x0 linker stubs

.iplt           0x0000000008002634        0x0
 .iplt          0x0000000008002634        0x0 c:/st/stm32cubeide_1.7.0/stm32cubeide/plugins/com.st.stm32cube.ide.mcu.externaltools.gnu-tools-for-stm32.9-2020-q2-update.win32_2.0.0.202105311346/tools/bin/../lib/gcc/arm-none-eabi/9.3.1/thumb/v7-m/nofp/crtbegin.o

.rodata         0x0000000008002634       0x20
                0x0000000008002634                . = ALIGN (0x4)
 *(.rodata)
 .rodata        0x0000000008002634       0x10 ./Drivers/STM32F1xx_HAL_Driver/Src/stm32f1xx_hal_rcc.o
 *(.rodata*)
 .rodata.AHBPrescTable
                0x0000000008002644       0x10 ./Core/Src/system_stm32f1xx.o
                0x0000000008002644                AHBPrescTable
                0x0000000008002654                . = ALIGN (0x4)

.rel.dyn        0x0000000008002654        0x0
 .rel.iplt      0x0000000008002654        0x0 c:/st/stm32cubeide_1.7.0/stm32cubeide/plugins/com.st.stm32cube.ide.mcu.externaltools.gnu-tools-for-stm32.9-2020-q2-update.win32_2.0.0.202105311346/tools/bin/../lib/gcc/arm-none-eabi/9.3.1/thumb/v7-m/nofp/crtbegin.o

.ARM.extab      0x0000000008002654        0x0
                0x0000000008002654                . = ALIGN (0x4)
 *(.ARM.extab* .gnu.linkonce.armextab.*)
                0x0000000008002654                . = ALIGN (0x4)

.ARM            0x0000000008002654        0x0
                0x0000000008002654                . = ALIGN (0x4)
                0x0000000008002654                __exidx_start = .
 *(.ARM.exidx*)
                0x0000000008002654                __exidx_end = .
                0x0000000008002654                . = ALIGN (0x4)

.preinit_array  0x0000000008002654        0x0
                0x0000000008002654                . = ALIGN (0x4)
                0x0000000008002654                PROVIDE (__preinit_array_start = .)
 *(.preinit_array*)
                0x0000000008002654                PROVIDE (__preinit_array_end = .)
                0x0000000008002654                . = ALIGN (0x4)

.init_array     0x0000000008002654        0x4
                0x0000000008002654                . = ALIGN (0x4)
                0x0000000008002654                PROVIDE (__init_array_start = .)
 *(SORT_BY_NAME(.init_array.*))
 *(.init_array*)
 .init_array    0x0000000008002654        0x4 c:/st/stm32cubeide_1.7.0/stm32cubeide/plugins/com.st.stm32cube.ide.mcu.externaltools.gnu-tools-for-stm32.9-2020-q2-update.win32_2.0.0.202105311346/tools/bin/../lib/gcc/arm-none-eabi/9.3.1/thumb/v7-m/nofp/crtbegin.o
                0x0000000008002658                PROVIDE (__init_array_end = .)
                0x0000000008002658                . = ALIGN (0x4)

.fini_array     0x0000000008002658        0x4
                0x0000000008002658                . = ALIGN (0x4)
                [!provide]                        PROVIDE (__fini_array_start = .)
 *(SORT_BY_NAME(.fini_array.*))
 *(.fini_array*)
 .fini_array    0x0000000008002658        0x4 c:/st/stm32cubeide_1.7.0/stm32cubeide/plugins/com.st.stm32cube.ide.mcu.externaltools.gnu-tools-for-stm32.9-2020-q2-update.win32_2.0.0.202105311346/tools/bin/../lib/gcc/arm-none-eabi/9.3.1/thumb/v7-m/nofp/crtbegin.o
                [!provide]                        PROVIDE (__fini_array_end = .)
                0x000000000800265c                . = ALIGN (0x4)
                0x000000000800265c                _sidata = LOADADDR (.data)

.data           0x0000000020000000       0x4c load address 0x000000000800265c
                0x0000000020000000                . = ALIGN (0x4)
                0x0000000020000000                _sdata = .
 *(.data)
 *(.data*)
 .data.horizontalTrafficState
                0x0000000020000000        0x4 ./Core/Src/fsm_trafic-light.o
                0x0000000020000000                horizontalTrafficState
 .data.verticalTrafficState
                0x0000000020000004        0x4 ./Core/Src/fsm_trafic-light.o
                0x0000000020000004                verticalTrafficState
 .data.RED_TIME
                0x0000000020000008        0x4 ./Core/Src/global.o
                0x0000000020000008                RED_TIME
 .data.YELLOW_TIME
                0x000000002000000c        0x4 ./Core/Src/global.o
                0x000000002000000c                YELLOW_TIME
 .data.GREEN_TIME
                0x0000000020000010        0x4 ./Core/Src/global.o
                0x0000000020000010                GREEN_TIME
 .data.newTimer
                0x0000000020000014        0x4 ./Core/Src/global.o
                0x0000000020000014                newTimer
 .data.MODE     0x0000000020000018        0x4 ./Core/Src/global.o
                0x0000000020000018                MODE
 .data.buttonPortNumber
                0x000000002000001c        0xc ./Core/Src/input_reading.o
                0x000000002000001c                buttonPortNumber
 .data.buttonPinNumber
                0x0000000020000028        0x6 ./Core/Src/input_reading.o
                0x0000000020000028                buttonPinNumber
 *fill*         0x000000002000002e        0x2 
 .data.led_buffer
                0x0000000020000030       0x10 ./Core/Src/output_display.o
                0x0000000020000030                led_buffer
 .data.SystemCoreClock
                0x0000000020000040        0x4 ./Core/Src/system_stm32f1xx.o
                0x0000000020000040                SystemCoreClock
 .data.uwTickPrio
                0x0000000020000044        0x4 ./Drivers/STM32F1xx_HAL_Driver/Src/stm32f1xx_hal.o
                0x0000000020000044                uwTickPrio
 .data.uwTickFreq
                0x0000000020000048        0x1 ./Drivers/STM32F1xx_HAL_Driver/Src/stm32f1xx_hal.o
                0x0000000020000048                uwTickFreq
 *(.RamFunc)
 *(.RamFunc*)
                0x000000002000004c                . = ALIGN (0x4)
 *fill*         0x0000000020000049        0x3 
                0x000000002000004c                _edata = .

.igot.plt       0x000000002000004c        0x0 load address 0x00000000080026a8
 .igot.plt      0x000000002000004c        0x0 c:/st/stm32cubeide_1.7.0/stm32cubeide/plugins/com.st.stm32cube.ide.mcu.externaltools.gnu-tools-for-stm32.9-2020-q2-update.win32_2.0.0.202105311346/tools/bin/../lib/gcc/arm-none-eabi/9.3.1/thumb/v7-m/nofp/crtbegin.o
                0x000000002000004c                . = ALIGN (0x4)

.bss            0x000000002000004c       0xb8 load address 0x00000000080026a8
                0x000000002000004c                _sbss = .
                0x000000002000004c                __bss_start__ = _sbss
 *(.bss)
 .bss           0x000000002000004c       0x1c c:/st/stm32cubeide_1.7.0/stm32cubeide/plugins/com.st.stm32cube.ide.mcu.externaltools.gnu-tools-for-stm32.9-2020-q2-update.win32_2.0.0.202105311346/tools/bin/../lib/gcc/arm-none-eabi/9.3.1/thumb/v7-m/nofp/crtbegin.o
 *(.bss*)
 .bss.button1State
                0x0000000020000068        0x1 ./Core/Src/input_processing.o
                0x0000000020000068                button1State
 .bss.button2State
                0x0000000020000069        0x1 ./Core/Src/input_processing.o
                0x0000000020000069                button2State
 .bss.button3State
                0x000000002000006a        0x1 ./Core/Src/input_processing.o
                0x000000002000006a                button3State
 *fill*         0x000000002000006b        0x1 
 .bss.buttonBuffer
                0x000000002000006c        0x3 ./Core/Src/input_reading.o
 *fill*         0x000000002000006f        0x1 
 .bss.debounceButtonBuffer1
                0x0000000020000070        0x3 ./Core/Src/input_reading.o
 *fill*         0x0000000020000073        0x1 
 .bss.debounceButtonBuffer2
                0x0000000020000074        0x3 ./Core/Src/input_reading.o
 *fill*         0x0000000020000077        0x1 
 .bss.flagForButtonPress1s
                0x0000000020000078        0x3 ./Core/Src/input_reading.o
 *fill*         0x000000002000007b        0x1 
 .bss.counterForButtonPress1s
                0x000000002000007c        0x6 ./Core/Src/input_reading.o
 *fill*         0x0000000020000082        0x2 
 .bss.index_led
                0x0000000020000084        0x4 ./Core/Src/output_display.o
                0x0000000020000084                index_led
 .bss.timerClock_flag
                0x0000000020000088        0x4 ./Core/Src/timer.o
                0x0000000020000088                timerClock_flag
 .bss.timerClock_counter
                0x000000002000008c        0x4 ./Core/Src/timer.o
                0x000000002000008c                timerClock_counter
 .bss.timerHorizontalTraffic_flag
                0x0000000020000090        0x4 ./Core/Src/timer.o
                0x0000000020000090                timerHorizontalTraffic_flag
 .bss.timerHorizontalTraffic_counter
                0x0000000020000094        0x4 ./Core/Src/timer.o
                0x0000000020000094                timerHorizontalTraffic_counter
 .bss.timerHorizontalTraffic
                0x0000000020000098        0x4 ./Core/Src/timer.o
                0x0000000020000098                timerHorizontalTraffic
 .bss.timerVerticalTraffic_flag
                0x000000002000009c        0x4 ./Core/Src/timer.o
                0x000000002000009c                timerVerticalTraffic_flag
 .bss.timerVerticalTraffic_counter
                0x00000000200000a0        0x4 ./Core/Src/timer.o
                0x00000000200000a0                timerVerticalTraffic_counter
 .bss.timerVerticalTraffic
                0x00000000200000a4        0x4 ./Core/Src/timer.o
                0x00000000200000a4                timerVerticalTraffic
 .bss.timer7seg_counter
                0x00000000200000a8        0x4 ./Core/Src/timer.o
                0x00000000200000a8                timer7seg_counter
 .bss.timer7seg_flag
                0x00000000200000ac        0x4 ./Core/Src/timer.o
                0x00000000200000ac                timer7seg_flag
 .bss.timerBlinking2Hz_flag
                0x00000000200000b0        0x4 ./Core/Src/timer.o
                0x00000000200000b0                timerBlinking2Hz_flag
 .bss.timerBlinking2Hz_counter
                0x00000000200000b4        0x4 ./Core/Src/timer.o
                0x00000000200000b4                timerBlinking2Hz_counter
 *(COMMON)
 COMMON         0x00000000200000b8       0x48 ./Core/Src/main.o
                0x00000000200000b8                htim2
 COMMON         0x0000000020000100        0x4 ./Drivers/STM32F1xx_HAL_Driver/Src/stm32f1xx_hal.o
                0x0000000020000100                uwTick
                0x0000000020000104                . = ALIGN (0x4)
                0x0000000020000104                _ebss = .
                0x0000000020000104                __bss_end__ = _ebss

._user_heap_stack
                0x0000000020000104      0x604 load address 0x00000000080026a8
                0x0000000020000108                . = ALIGN (0x8)
 *fill*         0x0000000020000104        0x4 
                [!provide]                        PROVIDE (end = .)
                0x0000000020000108                PROVIDE (_end = .)
                0x0000000020000308                . = (. + _Min_Heap_Size)
 *fill*         0x0000000020000108      0x200 
                0x0000000020000708                . = (. + _Min_Stack_Size)
 *fill*         0x0000000020000308      0x400 
                0x0000000020000708                . = ALIGN (0x8)

/DISCARD/
 libc.a(*)
 libm.a(*)
 libgcc.a(*)

.ARM.attributes
                0x0000000000000000       0x29
 *(.ARM.attributes)
 .ARM.attributes
                0x0000000000000000       0x1d c:/st/stm32cubeide_1.7.0/stm32cubeide/plugins/com.st.stm32cube.ide.mcu.externaltools.gnu-tools-for-stm32.9-2020-q2-update.win32_2.0.0.202105311346/tools/bin/../lib/gcc/arm-none-eabi/9.3.1/thumb/v7-m/nofp/crti.o
 .ARM.attributes
                0x000000000000001d       0x2d c:/st/stm32cubeide_1.7.0/stm32cubeide/plugins/com.st.stm32cube.ide.mcu.externaltools.gnu-tools-for-stm32.9-2020-q2-update.win32_2.0.0.202105311346/tools/bin/../lib/gcc/arm-none-eabi/9.3.1/thumb/v7-m/nofp/crtbegin.o
 .ARM.attributes
                0x000000000000004a       0x2d ./Core/Src/fsm_trafic-light.o
 .ARM.attributes
                0x0000000000000077       0x33 ./Core/Src/global.o
 .ARM.attributes
                0x00000000000000aa       0x2d ./Core/Src/input_processing.o
 .ARM.attributes
                0x00000000000000d7       0x2d ./Core/Src/input_reading.o
 .ARM.attributes
                0x0000000000000104       0x2d ./Core/Src/main.o
 .ARM.attributes
                0x0000000000000131       0x2d ./Core/Src/output_display.o
 .ARM.attributes
                0x000000000000015e       0x2d ./Core/Src/stm32f1xx_hal_msp.o
 .ARM.attributes
                0x000000000000018b       0x2d ./Core/Src/stm32f1xx_it.o
 .ARM.attributes
                0x00000000000001b8       0x2d ./Core/Src/system_stm32f1xx.o
 .ARM.attributes
                0x00000000000001e5       0x2d ./Core/Src/timer.o
 .ARM.attributes
                0x0000000000000212       0x21 ./Core/Startup/startup_stm32f103c6ux.o
 .ARM.attributes
                0x0000000000000233       0x2d ./Drivers/STM32F1xx_HAL_Driver/Src/stm32f1xx_hal.o
 .ARM.attributes
                0x0000000000000260       0x2d ./Drivers/STM32F1xx_HAL_Driver/Src/stm32f1xx_hal_cortex.o
 .ARM.attributes
                0x000000000000028d       0x2d ./Drivers/STM32F1xx_HAL_Driver/Src/stm32f1xx_hal_gpio.o
 .ARM.attributes
                0x00000000000002ba       0x2d ./Drivers/STM32F1xx_HAL_Driver/Src/stm32f1xx_hal_rcc.o
 .ARM.attributes
                0x00000000000002e7       0x2d ./Drivers/STM32F1xx_HAL_Driver/Src/stm32f1xx_hal_tim.o
 .ARM.attributes
                0x0000000000000314       0x2d ./Drivers/STM32F1xx_HAL_Driver/Src/stm32f1xx_hal_tim_ex.o
 .ARM.attributes
                0x0000000000000341       0x2d c:/st/stm32cubeide_1.7.0/stm32cubeide/plugins/com.st.stm32cube.ide.mcu.externaltools.gnu-tools-for-stm32.9-2020-q2-update.win32_2.0.0.202105311346/tools/bin/../lib/gcc/arm-none-eabi/9.3.1/../../../../arm-none-eabi/lib/thumb/v7-m/nofp\libc_nano.a(lib_a-init.o)
 .ARM.attributes
                0x000000000000036e       0x2d c:/st/stm32cubeide_1.7.0/stm32cubeide/plugins/com.st.stm32cube.ide.mcu.externaltools.gnu-tools-for-stm32.9-2020-q2-update.win32_2.0.0.202105311346/tools/bin/../lib/gcc/arm-none-eabi/9.3.1/../../../../arm-none-eabi/lib/thumb/v7-m/nofp\libc_nano.a(lib_a-memset.o)
 .ARM.attributes
                0x000000000000039b       0x1d c:/st/stm32cubeide_1.7.0/stm32cubeide/plugins/com.st.stm32cube.ide.mcu.externaltools.gnu-tools-for-stm32.9-2020-q2-update.win32_2.0.0.202105311346/tools/bin/../lib/gcc/arm-none-eabi/9.3.1/thumb/v7-m/nofp/crtn.o
OUTPUT(Lab3_Buttons-Switches_Exercise1.elf elf32-littlearm)
LOAD linker stubs
LOAD c:/st/stm32cubeide_1.7.0/stm32cubeide/plugins/com.st.stm32cube.ide.mcu.externaltools.gnu-tools-for-stm32.9-2020-q2-update.win32_2.0.0.202105311346/tools/bin/../lib/gcc/arm-none-eabi/9.3.1/../../../../arm-none-eabi/lib/thumb/v7-m/nofp\libc.a
LOAD c:/st/stm32cubeide_1.7.0/stm32cubeide/plugins/com.st.stm32cube.ide.mcu.externaltools.gnu-tools-for-stm32.9-2020-q2-update.win32_2.0.0.202105311346/tools/bin/../lib/gcc/arm-none-eabi/9.3.1/../../../../arm-none-eabi/lib/thumb/v7-m/nofp\libm.a
LOAD c:/st/stm32cubeide_1.7.0/stm32cubeide/plugins/com.st.stm32cube.ide.mcu.externaltools.gnu-tools-for-stm32.9-2020-q2-update.win32_2.0.0.202105311346/tools/bin/../lib/gcc/arm-none-eabi/9.3.1/thumb/v7-m/nofp\libgcc.a

.debug_info     0x0000000000000000     0x9aff
 .debug_info    0x0000000000000000      0x315 ./Core/Src/fsm_trafic-light.o
 .debug_info    0x0000000000000315      0x24e ./Core/Src/global.o
 .debug_info    0x0000000000000563      0x2b3 ./Core/Src/input_processing.o
 .debug_info    0x0000000000000816      0x37b ./Core/Src/input_reading.o
 .debug_info    0x0000000000000b91      0xc0b ./Core/Src/main.o
 .debug_info    0x000000000000179c      0x41e ./Core/Src/output_display.o
 .debug_info    0x0000000000001bba      0xa04 ./Core/Src/stm32f1xx_hal_msp.o
 .debug_info    0x00000000000025be      0x7b4 ./Core/Src/stm32f1xx_it.o
 .debug_info    0x0000000000002d72      0x2be ./Core/Src/system_stm32f1xx.o
 .debug_info    0x0000000000003030      0x8fa ./Core/Src/timer.o
 .debug_info    0x000000000000392a       0x22 ./Core/Startup/startup_stm32f103c6ux.o
 .debug_info    0x000000000000394c      0x74c ./Drivers/STM32F1xx_HAL_Driver/Src/stm32f1xx_hal.o
 .debug_info    0x0000000000004098      0xbbe ./Drivers/STM32F1xx_HAL_Driver/Src/stm32f1xx_hal_cortex.o
 .debug_info    0x0000000000004c56      0x701 ./Drivers/STM32F1xx_HAL_Driver/Src/stm32f1xx_hal_gpio.o
 .debug_info    0x0000000000005357      0x88e ./Drivers/STM32F1xx_HAL_Driver/Src/stm32f1xx_hal_rcc.o
 .debug_info    0x0000000000005be5     0x2a45 ./Drivers/STM32F1xx_HAL_Driver/Src/stm32f1xx_hal_tim.o
 .debug_info    0x000000000000862a     0x14d5 ./Drivers/STM32F1xx_HAL_Driver/Src/stm32f1xx_hal_tim_ex.o

.debug_abbrev   0x0000000000000000     0x1c1b
 .debug_abbrev  0x0000000000000000      0x105 ./Core/Src/fsm_trafic-light.o
 .debug_abbrev  0x0000000000000105       0xa9 ./Core/Src/global.o
 .debug_abbrev  0x00000000000001ae       0xe0 ./Core/Src/input_processing.o
 .debug_abbrev  0x000000000000028e      0x16e ./Core/Src/input_reading.o
 .debug_abbrev  0x00000000000003fc      0x21b ./Core/Src/main.o
 .debug_abbrev  0x0000000000000617      0x16c ./Core/Src/output_display.o
 .debug_abbrev  0x0000000000000783      0x1b7 ./Core/Src/stm32f1xx_hal_msp.o
 .debug_abbrev  0x000000000000093a      0x176 ./Core/Src/stm32f1xx_it.o
 .debug_abbrev  0x0000000000000ab0      0x14e ./Core/Src/system_stm32f1xx.o
 .debug_abbrev  0x0000000000000bfe      0x1ec ./Core/Src/timer.o
 .debug_abbrev  0x0000000000000dea       0x12 ./Core/Startup/startup_stm32f103c6ux.o
 .debug_abbrev  0x0000000000000dfc      0x1ed ./Drivers/STM32F1xx_HAL_Driver/Src/stm32f1xx_hal.o
 .debug_abbrev  0x0000000000000fe9      0x313 ./Drivers/STM32F1xx_HAL_Driver/Src/stm32f1xx_hal_cortex.o
 .debug_abbrev  0x00000000000012fc      0x1e8 ./Drivers/STM32F1xx_HAL_Driver/Src/stm32f1xx_hal_gpio.o
 .debug_abbrev  0x00000000000014e4      0x273 ./Drivers/STM32F1xx_HAL_Driver/Src/stm32f1xx_hal_rcc.o
 .debug_abbrev  0x0000000000001757      0x25e ./Drivers/STM32F1xx_HAL_Driver/Src/stm32f1xx_hal_tim.o
 .debug_abbrev  0x00000000000019b5      0x266 ./Drivers/STM32F1xx_HAL_Driver/Src/stm32f1xx_hal_tim_ex.o

.debug_aranges  0x0000000000000000      0xa60
 .debug_aranges
                0x0000000000000000       0x28 ./Core/Src/fsm_trafic-light.o
 .debug_aranges
                0x0000000000000028       0x18 ./Core/Src/global.o
 .debug_aranges
                0x0000000000000040       0x30 ./Core/Src/input_processing.o
 .debug_aranges
                0x0000000000000070       0x30 ./Core/Src/input_reading.o
 .debug_aranges
                0x00000000000000a0       0x40 ./Core/Src/main.o
 .debug_aranges
                0x00000000000000e0       0x48 ./Core/Src/output_display.o
 .debug_aranges
                0x0000000000000128       0x30 ./Core/Src/stm32f1xx_hal_msp.o
 .debug_aranges
                0x0000000000000158       0x68 ./Core/Src/stm32f1xx_it.o
 .debug_aranges
                0x00000000000001c0       0x28 ./Core/Src/system_stm32f1xx.o
 .debug_aranges
                0x00000000000001e8       0x50 ./Core/Src/timer.o
 .debug_aranges
                0x0000000000000238       0x28 ./Core/Startup/startup_stm32f103c6ux.o
 .debug_aranges
                0x0000000000000260       0xe0 ./Drivers/STM32F1xx_HAL_Driver/Src/stm32f1xx_hal.o
 .debug_aranges
                0x0000000000000340      0x100 ./Drivers/STM32F1xx_HAL_Driver/Src/stm32f1xx_hal_cortex.o
 .debug_aranges
                0x0000000000000440       0x58 ./Drivers/STM32F1xx_HAL_Driver/Src/stm32f1xx_hal_gpio.o
 .debug_aranges
                0x0000000000000498       0x90 ./Drivers/STM32F1xx_HAL_Driver/Src/stm32f1xx_hal_rcc.o
 .debug_aranges
                0x0000000000000528      0x3d0 ./Drivers/STM32F1xx_HAL_Driver/Src/stm32f1xx_hal_tim.o
 .debug_aranges
                0x00000000000008f8      0x168 ./Drivers/STM32F1xx_HAL_Driver/Src/stm32f1xx_hal_tim_ex.o

.debug_ranges   0x0000000000000000      0x950
 .debug_ranges  0x0000000000000000       0x18 ./Core/Src/fsm_trafic-light.o
 .debug_ranges  0x0000000000000018       0x20 ./Core/Src/input_processing.o
 .debug_ranges  0x0000000000000038       0x20 ./Core/Src/input_reading.o
 .debug_ranges  0x0000000000000058       0x30 ./Core/Src/main.o
 .debug_ranges  0x0000000000000088       0x38 ./Core/Src/output_display.o
 .debug_ranges  0x00000000000000c0       0x20 ./Core/Src/stm32f1xx_hal_msp.o
 .debug_ranges  0x00000000000000e0       0x58 ./Core/Src/stm32f1xx_it.o
 .debug_ranges  0x0000000000000138       0x18 ./Core/Src/system_stm32f1xx.o
 .debug_ranges  0x0000000000000150       0x40 ./Core/Src/timer.o
 .debug_ranges  0x0000000000000190       0x20 ./Core/Startup/startup_stm32f103c6ux.o
 .debug_ranges  0x00000000000001b0       0xd0 ./Drivers/STM32F1xx_HAL_Driver/Src/stm32f1xx_hal.o
 .debug_ranges  0x0000000000000280       0xf0 ./Drivers/STM32F1xx_HAL_Driver/Src/stm32f1xx_hal_cortex.o
 .debug_ranges  0x0000000000000370       0x48 ./Drivers/STM32F1xx_HAL_Driver/Src/stm32f1xx_hal_gpio.o
 .debug_ranges  0x00000000000003b8       0x80 ./Drivers/STM32F1xx_HAL_Driver/Src/stm32f1xx_hal_rcc.o
 .debug_ranges  0x0000000000000438      0x3c0 ./Drivers/STM32F1xx_HAL_Driver/Src/stm32f1xx_hal_tim.o
 .debug_ranges  0x00000000000007f8      0x158 ./Drivers/STM32F1xx_HAL_Driver/Src/stm32f1xx_hal_tim_ex.o

.debug_macro    0x0000000000000000     0x1c08
 .debug_macro   0x0000000000000000      0x1d8 ./Core/Src/fsm_trafic-light.o
 .debug_macro   0x00000000000001d8      0x1ca ./Core/Src/global.o
 .debug_macro   0x00000000000003a2      0x1ec ./Core/Src/input_processing.o
 .debug_macro   0x000000000000058e      0x1bf ./Core/Src/input_reading.o
 .debug_macro   0x000000000000074d      0x1fc ./Core/Src/main.o
 .debug_macro   0x0000000000000949      0x1e2 ./Core/Src/output_display.o
 .debug_macro   0x0000000000000b2b      0x1a7 ./Core/Src/stm32f1xx_hal_msp.o
 .debug_macro   0x0000000000000cd2      0x1b1 ./Core/Src/stm32f1xx_it.o
 .debug_macro   0x0000000000000e83      0x198 ./Core/Src/system_stm32f1xx.o
 .debug_macro   0x000000000000101b      0x1bb ./Core/Src/timer.o
 .debug_macro   0x00000000000011d6      0x1bc ./Drivers/STM32F1xx_HAL_Driver/Src/stm32f1xx_hal.o
 .debug_macro   0x0000000000001392      0x198 ./Drivers/STM32F1xx_HAL_Driver/Src/stm32f1xx_hal_cortex.o
 .debug_macro   0x000000000000152a      0x203 ./Drivers/STM32F1xx_HAL_Driver/Src/stm32f1xx_hal_gpio.o
 .debug_macro   0x000000000000172d      0x1aa ./Drivers/STM32F1xx_HAL_Driver/Src/stm32f1xx_hal_rcc.o
 .debug_macro   0x00000000000018d7      0x199 ./Drivers/STM32F1xx_HAL_Driver/Src/stm32f1xx_hal_tim.o
 .debug_macro   0x0000000000001a70      0x198 ./Drivers/STM32F1xx_HAL_Driver/Src/stm32f1xx_hal_tim_ex.o

.debug_line     0x0000000000000000     0xbe57
 .debug_line    0x0000000000000000      0x756 ./Core/Src/fsm_trafic-light.o
 .debug_line    0x0000000000000756      0x66b ./Core/Src/global.o
 .debug_line    0x0000000000000dc1      0x7bd ./Core/Src/input_processing.o
 .debug_line    0x000000000000157e      0x6f0 ./Core/Src/input_reading.o
 .debug_line    0x0000000000001c6e      0x7e0 ./Core/Src/main.o
 .debug_line    0x000000000000244e      0x80c ./Core/Src/output_display.o
 .debug_line    0x0000000000002c5a      0x6a1 ./Core/Src/stm32f1xx_hal_msp.o
 .debug_line    0x00000000000032fb      0x73f ./Core/Src/stm32f1xx_it.o
 .debug_line    0x0000000000003a3a      0x6e3 ./Core/Src/system_stm32f1xx.o
 .debug_line    0x000000000000411d      0x788 ./Core/Src/timer.o
 .debug_line    0x00000000000048a5       0x87 ./Core/Startup/startup_stm32f103c6ux.o
 .debug_line    0x000000000000492c      0x910 ./Drivers/STM32F1xx_HAL_Driver/Src/stm32f1xx_hal.o
 .debug_line    0x000000000000523c      0xaf8 ./Drivers/STM32F1xx_HAL_Driver/Src/stm32f1xx_hal_cortex.o
 .debug_line    0x0000000000005d34      0x991 ./Drivers/STM32F1xx_HAL_Driver/Src/stm32f1xx_hal_gpio.o
 .debug_line    0x00000000000066c5      0xd1e ./Drivers/STM32F1xx_HAL_Driver/Src/stm32f1xx_hal_rcc.o
 .debug_line    0x00000000000073e3     0x326e ./Drivers/STM32F1xx_HAL_Driver/Src/stm32f1xx_hal_tim.o
 .debug_line    0x000000000000a651     0x1806 ./Drivers/STM32F1xx_HAL_Driver/Src/stm32f1xx_hal_tim_ex.o

.debug_str      0x0000000000000000    0x8248d
 .debug_str     0x0000000000000000    0x7f742 ./Core/Src/fsm_trafic-light.o
                                      0x7fa9a (size before relaxing)
 .debug_str     0x000000000007f742       0x15 ./Core/Src/global.o
                                      0x7f9d9 (size before relaxing)
 .debug_str     0x000000000007f757       0xf2 ./Core/Src/input_processing.o
                                      0x7fafc (size before relaxing)
 .debug_str     0x000000000007f849      0x15f ./Core/Src/input_reading.o
                                      0x7fa11 (size before relaxing)
 .debug_str     0x000000000007f9a8      0x6bc ./Core/Src/main.o
                                      0x801ed (size before relaxing)
 .debug_str     0x0000000000080064       0xd1 ./Core/Src/output_display.o
                                      0x7fb3f (size before relaxing)
 .debug_str     0x0000000000080135      0x2ba ./Core/Src/stm32f1xx_hal_msp.o
                                      0x80090 (size before relaxing)
 .debug_str     0x00000000000803ef       0xcd ./Core/Src/stm32f1xx_it.o
                                      0x7fdf2 (size before relaxing)
 .debug_str     0x00000000000804bc       0x52 ./Core/Src/system_stm32f1xx.o
                                      0x7f534 (size before relaxing)
 .debug_str     0x000000000008050e      0x124 ./Core/Src/timer.o
                                      0x7fefe (size before relaxing)
 .debug_str     0x0000000000080632       0x36 ./Core/Startup/startup_stm32f103c6ux.o
                                         0x9f (size before relaxing)
 .debug_str     0x0000000000080668      0x304 ./Drivers/STM32F1xx_HAL_Driver/Src/stm32f1xx_hal.o
                                      0x7fb8b (size before relaxing)
 .debug_str     0x000000000008096c      0x300 ./Drivers/STM32F1xx_HAL_Driver/Src/stm32f1xx_hal_cortex.o
                                      0x7fb93 (size before relaxing)
 .debug_str     0x0000000000080c6c      0x316 ./Drivers/STM32F1xx_HAL_Driver/Src/stm32f1xx_hal_gpio.o
                                      0x7f8f8 (size before relaxing)
 .debug_str     0x0000000000080f82      0x24f ./Drivers/STM32F1xx_HAL_Driver/Src/stm32f1xx_hal_rcc.o
                                      0x7f931 (size before relaxing)
 .debug_str     0x00000000000811d1      0xdce ./Drivers/STM32F1xx_HAL_Driver/Src/stm32f1xx_hal_tim.o
                                      0x80903 (size before relaxing)
 .debug_str     0x0000000000081f9f      0x4ee ./Drivers/STM32F1xx_HAL_Driver/Src/stm32f1xx_hal_tim_ex.o
                                      0x800b4 (size before relaxing)

.comment        0x0000000000000000       0x53
 .comment       0x0000000000000000       0x53 ./Core/Src/fsm_trafic-light.o
                                         0x54 (size before relaxing)
 .comment       0x0000000000000053       0x54 ./Core/Src/global.o
 .comment       0x0000000000000053       0x54 ./Core/Src/input_processing.o
 .comment       0x0000000000000053       0x54 ./Core/Src/input_reading.o
 .comment       0x0000000000000053       0x54 ./Core/Src/main.o
 .comment       0x0000000000000053       0x54 ./Core/Src/output_display.o
 .comment       0x0000000000000053       0x54 ./Core/Src/stm32f1xx_hal_msp.o
 .comment       0x0000000000000053       0x54 ./Core/Src/stm32f1xx_it.o
 .comment       0x0000000000000053       0x54 ./Core/Src/system_stm32f1xx.o
 .comment       0x0000000000000053       0x54 ./Core/Src/timer.o
 .comment       0x0000000000000053       0x54 ./Drivers/STM32F1xx_HAL_Driver/Src/stm32f1xx_hal.o
 .comment       0x0000000000000053       0x54 ./Drivers/STM32F1xx_HAL_Driver/Src/stm32f1xx_hal_cortex.o
 .comment       0x0000000000000053       0x54 ./Drivers/STM32F1xx_HAL_Driver/Src/stm32f1xx_hal_gpio.o
 .comment       0x0000000000000053       0x54 ./Drivers/STM32F1xx_HAL_Driver/Src/stm32f1xx_hal_rcc.o
 .comment       0x0000000000000053       0x54 ./Drivers/STM32F1xx_HAL_Driver/Src/stm32f1xx_hal_tim.o
 .comment       0x0000000000000053       0x54 ./Drivers/STM32F1xx_HAL_Driver/Src/stm32f1xx_hal_tim_ex.o

.debug_frame    0x0000000000000000     0x28d0
 .debug_frame   0x0000000000000000       0x48 ./Core/Src/fsm_trafic-light.o
 .debug_frame   0x0000000000000048       0x64 ./Core/Src/input_processing.o
 .debug_frame   0x00000000000000ac       0x84 ./Core/Src/input_reading.o
 .debug_frame   0x0000000000000130       0xb0 ./Core/Src/main.o
 .debug_frame   0x00000000000001e0       0xdc ./Core/Src/output_display.o
 .debug_frame   0x00000000000002bc       0x80 ./Core/Src/stm32f1xx_hal_msp.o
 .debug_frame   0x000000000000033c      0x120 ./Core/Src/stm32f1xx_it.o
 .debug_frame   0x000000000000045c       0x58 ./Core/Src/system_stm32f1xx.o
 .debug_frame   0x00000000000004b4      0x11c ./Core/Src/timer.o
 .debug_frame   0x00000000000005d0      0x334 ./Drivers/STM32F1xx_HAL_Driver/Src/stm32f1xx_hal.o
 .debug_frame   0x0000000000000904      0x428 ./Drivers/STM32F1xx_HAL_Driver/Src/stm32f1xx_hal_cortex.o
 .debug_frame   0x0000000000000d2c      0x14c ./Drivers/STM32F1xx_HAL_Driver/Src/stm32f1xx_hal_gpio.o
 .debug_frame   0x0000000000000e78      0x21c ./Drivers/STM32F1xx_HAL_Driver/Src/stm32f1xx_hal_rcc.o
 .debug_frame   0x0000000000001094     0x11b8 ./Drivers/STM32F1xx_HAL_Driver/Src/stm32f1xx_hal_tim.o
 .debug_frame   0x000000000000224c      0x638 ./Drivers/STM32F1xx_HAL_Driver/Src/stm32f1xx_hal_tim_ex.o
 .debug_frame   0x0000000000002884       0x2c c:/st/stm32cubeide_1.7.0/stm32cubeide/plugins/com.st.stm32cube.ide.mcu.externaltools.gnu-tools-for-stm32.9-2020-q2-update.win32_2.0.0.202105311346/tools/bin/../lib/gcc/arm-none-eabi/9.3.1/../../../../arm-none-eabi/lib/thumb/v7-m/nofp\libc_nano.a(lib_a-init.o)
 .debug_frame   0x00000000000028b0       0x20 c:/st/stm32cubeide_1.7.0/stm32cubeide/plugins/com.st.stm32cube.ide.mcu.externaltools.gnu-tools-for-stm32.9-2020-q2-update.win32_2.0.0.202105311346/tools/bin/../lib/gcc/arm-none-eabi/9.3.1/../../../../arm-none-eabi/lib/thumb/v7-m/nofp\libc_nano.a(lib_a-memset.o)
