11:26:01 **** Incremental Build of configuration Debug for project Lab2_TimerInterupt_Exercise7 ****
make -j12 all 
arm-none-eabi-gcc "../Core/Src/main.c" -mcpu=cortex-m3 -std=gnu11 -g3 -DDEBUG -DUSE_HAL_DRIVER -DSTM32F103x6 -c -I../Core/Inc -I../Drivers/STM32F1xx_HAL_Driver/Inc -I../Drivers/STM32F1xx_HAL_Driver/Inc/Legacy -I../Drivers/CMSIS/Device/ST/STM32F1xx/Include -I../Drivers/CMSIS/Include -O0 -ffunction-sections -fdata-sections -Wall -fstack-usage -MMD -MP -MF"Core/Src/main.d" -MT"Core/Src/main.o" --specs=nano.specs -mfloat-abi=soft -mthumb -o "Core/Src/main.o"
arm-none-eabi-gcc -o "Lab2_TimerInterupt_Exercise7.elf" @"objects.list"   -mcpu=cortex-m3 -T"D:\University of Technology\Microcontroller - Microproccesor\MyLab\Lab2_TimerInterupt_Exercise7\STM32F103C6UX_FLASH.ld" --specs=nosys.specs -Wl,-Map="Lab2_TimerInterupt_Exercise7.map" -Wl,--gc-sections -static --specs=nano.specs -mfloat-abi=soft -mthumb -Wl,--start-group -lc -lm -Wl,--end-group
Finished building target: Lab2_TimerInterupt_Exercise7.elf
 
arm-none-eabi-size   Lab2_TimerInterupt_Exercise7.elf 
arm-none-eabi-objdump -h -S  Lab2_TimerInterupt_Exercise7.elf  > "Lab2_TimerInterupt_Exercise7.list"
arm-none-eabi-objcopy  -O ihex  Lab2_TimerInterupt_Exercise7.elf  "Lab2_TimerInterupt_Exercise7.hex"
arm-none-eabi-objcopy  -O binary  Lab2_TimerInterupt_Exercise7.elf  "Lab2_TimerInterupt_Exercise7.bin"
   text	   data	    bss	    dec	    hex	filename
   8164	     56	   1672	   9892	   26a4	Lab2_TimerInterupt_Exercise7.elf
Finished building: default.size.stdout
 
Finished building: Lab2_TimerInterupt_Exercise7.hex
Finished building: Lab2_TimerInterupt_Exercise7.bin
 
 
Finished building: Lab2_TimerInterupt_Exercise7.list
 

11:26:02 Build Finished. 0 errors, 0 warnings. (took 1s.556ms)

