08:08:03 **** Incremental Build of configuration Debug for project Lab3_Buttons-Switches_Exercise1 ****
make -j12 all 
arm-none-eabi-gcc "../Core/Src/input_processing.c" -mcpu=cortex-m3 -std=gnu11 -g3 -DDEBUG -DUSE_HAL_DRIVER -DSTM32F103x6 -c -I../Core/Inc -I../Drivers/STM32F1xx_HAL_Driver/Inc -I../Drivers/STM32F1xx_HAL_Driver/Inc/Legacy -I../Drivers/CMSIS/Device/ST/STM32F1xx/Include -I../Drivers/CMSIS/Include -O0 -ffunction-sections -fdata-sections -Wall -fstack-usage -MMD -MP -MF"Core/Src/input_processing.d" -MT"Core/Src/input_processing.o" --specs=nano.specs -mfloat-abi=soft -mthumb -o "Core/Src/input_processing.o"
arm-none-eabi-gcc -o "Lab3_Buttons-Switches_Exercise1.elf" @"objects.list"   -mcpu=cortex-m3 -T"D:\University of Technology\Microcontroller - Microproccesor\MyLab\Lab3_Buttons-Switches_Exercise1\STM32F103C6UX_FLASH.ld" --specs=nosys.specs -Wl,-Map="Lab3_Buttons-Switches_Exercise1.map" -Wl,--gc-sections -static --specs=nano.specs -mfloat-abi=soft -mthumb -Wl,--start-group -lc -lm -Wl,--end-group
Finished building target: Lab3_Buttons-Switches_Exercise1.elf
 
arm-none-eabi-size   Lab3_Buttons-Switches_Exercise1.elf 
arm-none-eabi-objdump -h -S  Lab3_Buttons-Switches_Exercise1.elf  > "Lab3_Buttons-Switches_Exercise1.list"
arm-none-eabi-objcopy  -O ihex  Lab3_Buttons-Switches_Exercise1.elf  "Lab3_Buttons-Switches_Exercise1.hex"
arm-none-eabi-objcopy  -O binary  Lab3_Buttons-Switches_Exercise1.elf  "Lab3_Buttons-Switches_Exercise1.bin"
   text	   data	    bss	    dec	    hex	filename
   9848	     88	   1720	  11656	   2d88	Lab3_Buttons-Switches_Exercise1.elf
Finished building: default.size.stdout
 
Finished building: Lab3_Buttons-Switches_Exercise1.hex
Finished building: Lab3_Buttons-Switches_Exercise1.bin
 
 
Finished building: Lab3_Buttons-Switches_Exercise1.list
 

08:08:04 Build Finished. 0 errors, 0 warnings. (took 1s.532ms)

